
> broker@1.0.0 start
> node broker.js

node:internal/modules/cjs/loader:1404
  throw err;
  ^

Error: Cannot find module 'aedes'
Require stack:
- /app/broker/broker.js
    at Function._resolveFilename (node:internal/modules/cjs/loader:1401:15)
    at defaultResolveImpl (node:internal/modules/cjs/loader:1057:19)
    at resolveForCJSWithHooks (node:internal/modules/cjs/loader:1062:22)
    at Function._load (node:internal/modules/cjs/loader:1211:37)
    at TracingChannel.traceSync (node:diagnostics_channel:322:14)
    at wrapModuleLoad (node:internal/modules/cjs/loader:235:24)
    at Module.require (node:internal/modules/cjs/loader:1487:12)
    at require (node:internal/modules/helpers:135:16)
    at Object.<anonymous> (/app/broker/broker.js:1:15)
    at Module._compile (node:internal/modules/cjs/loader:1730:14) {
  code: 'MODULE_NOT_FOUND',
  requireStack: [ '/app/broker/broker.js' ]
}

Node.js v22.17.1
npm error Lifecycle script `start` failed with error:
npm error code 1
npm error path /app/broker
npm error workspace broker@1.0.0
npm error location /app/broker
npm error command failed
npm error command sh -c node broker.js
